#
# There is insufficient memory for the Java Runtime Environment to continue.
# Native memory allocation (mmap) failed to map 264241152 bytes. Error detail: G1 virtual space
# Possible reasons:
#   The system is out of physical RAM or swap space
#   This process is running with CompressedOops enabled, and the Java Heap may be blocking the growth of the native heap
# Possible solutions:
#   Reduce memory load on the system
#   Increase physical memory or swap space
#   Check if swap backing store is full
#   Decrease Java heap size (-Xmx/-Xms)
#   Decrease number of Java threads
#   Decrease Java thread stack sizes (-Xss)
#   Set larger code cache with -XX:ReservedCodeCacheSize=
#   JVM is running with Zero Based Compressed Oops mode in which the Java heap is
#     placed in the first 32GB address space. The Java Heap base address is the
#     maximum limit for the native heap growth. Please use -XX:HeapBaseMinAddress
#     to set the Java Heap base and to place the Java Heap above 32GB virtual address.
# This output file may be truncated or incomplete.
#
#  Out of Memory Error (os_windows.cpp:3926), pid=46596, tid=14636
#
# JRE version:  (21.0.10+1) (build )
# Java VM: OpenJDK 64-Bit Server VM (21.0.10+1-b1163.108, mixed mode, sharing, tiered, compressed oops, compressed class ptrs, g1 gc, windows-amd64)
# No core dump will be written. Minidumps are not enabled by default on client versions of Windows
#

---------------  S U M M A R Y ------------

Command Line: -Djava.io.tmpdir=C:\Users\hollo\AppData\Local\JetBrains\Rider2025.3\tmp\statistics-uploader com.intellij.internal.statistic.uploader.EventLogUploader --ide-token C:\Users\hollo\AppData\Local\JetBrains\Rider2025.3\token --recorders FUS;MP;TRACE;ML --device-fus 1105251a46fbe13-30f4-4b59-a4c8-cea28b654329 --bucket-fus 178 --machine-fus 3abb770cb1aed1a81842cec3103bb5f0e4de0408b43034372e9ffc2e0f50e67f --id-revision-fus 0 --files-fus C:\Users\hollo\AppData\Local\JetBrains\Rider2025.3\event-log-data\logs\FUS\8a47-4a48-a1d2-e8ceb771a96b-253.31033.136-release.log --escape-fus false --device-mp 05032619e2885a3-c1c7-44b0-870a-c58c786d9081 --bucket-mp 222 --machine-mp aee09a4c00dae34cb5ee572f08844831086d492937bf940a3ee63c36b0af10b2 --id-revision-mp 0 --files-mp C:\Users\hollo\AppData\Local\JetBrains\Rider2025.3\event-log-data\logs\MP\4e4e-4549-befb-96f48d9e0229-253.31033.136-release.log --escape-mp false --device-trace 1105251a46fbe13-30f4-4b59-a4c8-cea28b654329 --bucket-trace 178 --machine-trace 3abb770cb1aed1a81842cec3103bb5f0e4de0408b43034372e9ffc2e0f50e67f --id-revision-trace 0 --files-trace C:\Users\hollo\AppData\Local\JetBrains\Rider2025.3\event-log-data\logs\TRACE\2e68-477e-a7b3-ac2125dad443-253.31033.136-release.log --escape-trace false --device-ml 1105251a46fbe13-30f4-4b59-a4c8-cea28b654329 --bucket-ml 178 --machine-ml 3abb770cb1aed1a81842cec3103bb5f0e4de0408b43034372e9ffc2e0f50e67f --id-revision-ml 0 --files-ml C:\Users\hollo\AppData\Local\JetBrains\Rider2025.3\event-log-data\logs\ML\5df1-4c88-afa0-02ce26078b2f-253.31033.136-release.log --escape-ml false --regional-code not_set --product RD --product-version 2025.3.3 --baseline-version 253 --user-agent JetBrains Rider/253.31033.136 --extra-headers 

Host: 11th Gen Intel(R) Core(TM) i7-11800H @ 2.30GHz, 16 cores, 15G,  Windows 11 , 64 bit Build 26100 (10.0.26100.8328)
Time: Fri May 22 09:40:27 2026 GMT Summer Time elapsed time: 2.035253 seconds (0d 0h 0m 2s)

---------------  T H R E A D  ---------------

Current thread (0x000001a86b7e17e0):  JavaThread "Unknown thread" [_thread_in_vm, id=14636, stack(0x0000009e57400000,0x0000009e57500000) (1024K)]

Stack: [0x0000009e57400000,0x0000009e57500000]
Native frames: (J=compiled Java code, j=interpreted, Vv=VM code, C=native code)
V  [jvm.dll+0x6ecf49]
V  [jvm.dll+0x8cbe73]
V  [jvm.dll+0x8ce49e]
V  [jvm.dll+0x8ceb83]
V  [jvm.dll+0x28b776]
V  [jvm.dll+0x6e9725]
V  [jvm.dll+0x6dcdba]
V  [jvm.dll+0x3671cb]
V  [jvm.dll+0x36edb6]
V  [jvm.dll+0x3c1436]
V  [jvm.dll+0x3c1708]
V  [jvm.dll+0x33997c]
V  [jvm.dll+0x33a66b]
V  [jvm.dll+0x894719]
V  [jvm.dll+0x3ce608]
V  [jvm.dll+0x87d658]
V  [jvm.dll+0x46322e]
V  [jvm.dll+0x464f11]
C  [jli.dll+0x52ab]
C  [ucrtbase.dll+0x37b0]
C  [KERNEL32.DLL+0x2e957]
C  [ntdll.dll+0x427c]


---------------  P R O C E S S  ---------------

Threads class SMR info:
_java_thread_list=0x00007ffc4cec52c8, length=0, elements={
}

Java Threads: ( => current thread )
Total: 0

Other Threads:
  0x000001a86b8455e0 WorkerThread "GC Thread#0"                     [id=10636, stack(0x0000009e57500000,0x0000009e57600000) (1024K)]
  0x000001a86b856100 ConcurrentGCThread "G1 Main Marker"            [id=41380, stack(0x0000009e57600000,0x0000009e57700000) (1024K)]
  0x000001a86b858ea0 WorkerThread "G1 Conc#0"                       [id=35568, stack(0x0000009e57700000,0x0000009e57800000) (1024K)]

[error occurred during error reporting (printing all threads), id 0xc0000005, EXCEPTION_ACCESS_VIOLATION (0xc0000005) at pc=0x00007ffc4c5ac9d7]
VM state: not at safepoint (not fully initialized)

VM Mutex/Monitor currently owned by a thread:  ([mutex/lock_event])
[0x00007ffc4cf39e20] Heap_lock - owner thread: 0x000001a86b7e17e0

Heap address: 0x0000000705400000, size: 4012 MB, Compressed Oops mode: Zero based, Oop shift amount: 3

CDS archive(s) mapped at: [0x0000000000000000-0x0000000000000000-0x0000000000000000), size 0, SharedBaseAddress: 0x0000000800000000, ArchiveRelocationMode: 1.
Narrow klass base: 0x0000000000000000, Narrow klass shift: 0, Narrow klass range: 0x0

GC Precious Log:
 CardTable entry size: 512
 Card Set container configuration: InlinePtr #cards 4 size 8 Array Of Cards #cards 16 size 48 Howl #buckets 8 coarsen threshold 3686 Howl Bitmap #cards 512 size 80 coarsen threshold 460 Card regions per heap region 1 cards per card region 4096

Heap:
 garbage-first heap   total 0K, used 0K [0x0000000705400000, 0x0000000800000000)
  region size 2048K, 0 young (0K), 0 survivors (0K)
 Metaspace       used 0K, committed 0K, reserved 0K
  class space    used 0K, committed 0K, reserved 0K

Heap Regions: E=young(eden), S=young(survivor), O=old, HS=humongous(starts), HC=humongous(continues), CS=collection set, F=free, TAMS=top-at-mark-start, PB=parsable bottom

Card table byte_map: [0x000001a800000000,0x000001a8007e0000] _byte_map_base: 0x000001a7fc7d6000

Marking Bits: (CMBitMap*) 0x000001a86b845c00
 Bits: [0x000001a8007e0000, 0x000001a804690000)

GC Heap History (0 events):
No events

Dll operation events (1 events):
Event: 0.013 Loaded shared library C:\Program Files\JetBrains\JetBrains Rider 2025.3.3\jbr\bin\java.dll

Deoptimization events (0 events):
No events

Classes loaded (0 events):
No events

Classes unloaded (0 events):
No events

Classes redefined (0 events):
No events

Internal exceptions (0 events):
No events

ZGC Phase Switch (0 events):
No events

VM Operations (0 events):
No events

Memory protections (0 events):
No events

Nmethod flushes (0 events):
No events

Events (0 events):
No events


Dynamic libraries:
0x00007ff7c6890000 - 0x00007ff7c689a000 	C:\Program Files\JetBrains\JetBrains Rider 2025.3.3\jbr\bin\java.exe
0x00007ffd63d80000 - 0x00007ffd63fe7000 	C:\WINDOWS\SYSTEM32\ntdll.dll
0x00007ffd62220000 - 0x00007ffd622e9000 	C:\WINDOWS\System32\KERNEL32.DLL
0x00007ffd61330000 - 0x00007ffd61727000 	C:\WINDOWS\System32\KERNELBASE.dll
0x00007ffd619b0000 - 0x00007ffd61afb000 	C:\WINDOWS\System32\ucrtbase.dll
0x00007ffd567d0000 - 0x00007ffd567eb000 	C:\Program Files\JetBrains\JetBrains Rider 2025.3.3\jbr\bin\VCRUNTIME140.dll
0x00007ffd5d630000 - 0x00007ffd5d648000 	C:\Program Files\JetBrains\JetBrains Rider 2025.3.3\jbr\bin\jli.dll
0x00007ffd61e00000 - 0x00007ffd61fc6000 	C:\WINDOWS\System32\USER32.dll
0x00007ffd61300000 - 0x00007ffd61327000 	C:\WINDOWS\System32\win32u.dll
0x00007ffd4e130000 - 0x00007ffd4e3c2000 	C:\WINDOWS\WinSxS\amd64_microsoft.windows.common-controls_6595b64144ccf1df_6.0.26100.8457_none_3e0b2faee331e92d\COMCTL32.dll
0x00007ffd62c70000 - 0x00007ffd62c9b000 	C:\WINDOWS\System32\GDI32.dll
0x00007ffd63460000 - 0x00007ffd63509000 	C:\WINDOWS\System32\msvcrt.dll
0x00007ffd617c0000 - 0x00007ffd618ec000 	C:\WINDOWS\System32\gdi32full.dll
0x00007ffd61250000 - 0x00007ffd612f3000 	C:\WINDOWS\System32\msvcp_win.dll
0x00007ffd62000000 - 0x00007ffd62032000 	C:\WINDOWS\System32\IMM32.DLL
0x00007ffd45850000 - 0x00007ffd45942000 	C:\Program Files\Windhawk\Engine\1.6.1\64\windhawk.dll
0x00007ffd62ca0000 - 0x00007ffd62d56000 	C:\WINDOWS\System32\ADVAPI32.dll
0x00007ffd63c90000 - 0x00007ffd63d37000 	C:\WINDOWS\System32\sechost.dll
0x00007ffd63310000 - 0x00007ffd63428000 	C:\WINDOWS\System32\RPCRT4.dll
0x00007ffd5d6f0000 - 0x00007ffd5d6fc000 	C:\Program Files\JetBrains\JetBrains Rider 2025.3.3\jbr\bin\vcruntime140_1.dll
0x00007ffd30a40000 - 0x00007ffd30acd000 	C:\Program Files\JetBrains\JetBrains Rider 2025.3.3\jbr\bin\msvcp140.dll
0x00007ffc4c260000 - 0x00007ffc4d02d000 	C:\Program Files\JetBrains\JetBrains Rider 2025.3.3\jbr\bin\server\jvm.dll
0x00007ffd62460000 - 0x00007ffd624e0000 	C:\WINDOWS\System32\WS2_32.dll
0x00007ffd5fe40000 - 0x00007ffd5fe9e000 	C:\WINDOWS\SYSTEM32\POWRPROF.dll
0x00007ffd55cc0000 - 0x00007ffd55ccb000 	C:\WINDOWS\SYSTEM32\VERSION.dll
0x00007ffd51ff0000 - 0x00007ffd52026000 	C:\WINDOWS\SYSTEM32\WINMM.dll
0x00007ffd5fcb0000 - 0x00007ffd5fcc4000 	C:\WINDOWS\SYSTEM32\UMPDC.dll
0x00007ffd5f540000 - 0x00007ffd5f55b000 	C:\WINDOWS\SYSTEM32\kernel.appcore.dll
0x00007ffd5d680000 - 0x00007ffd5d68a000 	C:\Program Files\JetBrains\JetBrains Rider 2025.3.3\jbr\bin\jimage.dll
0x00007ffd5e670000 - 0x00007ffd5e8b2000 	C:\WINDOWS\SYSTEM32\DBGHELP.DLL
0x00007ffd62d60000 - 0x00007ffd630e3000 	C:\WINDOWS\System32\combase.dll
0x00007ffd62b90000 - 0x00007ffd62c69000 	C:\WINDOWS\System32\OLEAUT32.dll
0x00007ffd4d240000 - 0x00007ffd4d27b000 	C:\WINDOWS\SYSTEM32\dbgcore.DLL
0x00007ffd607b0000 - 0x00007ffd60858000 	C:\WINDOWS\System32\bcryptPrimitives.dll
0x00007ffd335a0000 - 0x00007ffd335c0000 	C:\Program Files\JetBrains\JetBrains Rider 2025.3.3\jbr\bin\java.dll

JVMTI agents: none

dbghelp: loaded successfully - version: 4.0.5 - missing functions: none
symbol engine: initialized successfully - sym options: 0x614 - pdb path: .;C:\Program Files\JetBrains\JetBrains Rider 2025.3.3\jbr\bin;C:\WINDOWS\SYSTEM32;C:\WINDOWS\WinSxS\amd64_microsoft.windows.common-controls_6595b64144ccf1df_6.0.26100.8457_none_3e0b2faee331e92d;C:\Program Files\Windhawk\Engine\1.6.1\64;C:\Program Files\JetBrains\JetBrains Rider 2025.3.3\jbr\bin\server

VM Arguments:
jvm_args: -Djava.io.tmpdir=C:\Users\hollo\AppData\Local\JetBrains\Rider2025.3\tmp\statistics-uploader 
java_command: com.intellij.internal.statistic.uploader.EventLogUploader --ide-token C:\Users\hollo\AppData\Local\JetBrains\Rider2025.3\token --recorders FUS;MP;TRACE;ML --device-fus 1105251a46fbe13-30f4-4b59-a4c8-cea28b654329 --bucket-fus 178 --machine-fus 3abb770cb1aed1a81842cec3103bb5f0e4de0408b43034372e9ffc2e0f50e67f --id-revision-fus 0 --files-fus C:\Users\hollo\AppData\Local\JetBrains\Rider2025.3\event-log-data\logs\FUS\8a47-4a48-a1d2-e8ceb771a96b-253.31033.136-release.log --escape-fus false --device-mp 05032619e2885a3-c1c7-44b0-870a-c58c786d9081 --bucket-mp 222 --machine-mp aee09a4c00dae34cb5ee572f08844831086d492937bf940a3ee63c36b0af10b2 --id-revision-mp 0 --files-mp C:\Users\hollo\AppData\Local\JetBrains\Rider2025.3\event-log-data\logs\MP\4e4e-4549-befb-96f48d9e0229-253.31033.136-release.log --escape-mp false --device-trace 1105251a46fbe13-30f4-4b59-a4c8-cea28b654329 --bucket-trace 178 --machine-trace 3abb770cb1aed1a81842cec3103bb5f0e4de0408b43034372e9ffc2e0f50e67f --id-revision-trace 0 --files-trace C:\Users\hollo\AppData\Local\JetBrains\Rider2025.3\event-log-data\logs\TRACE\2e68-477e-a7b3-ac2125dad443-253.31033.136-release.log --escape-trace false --device-ml 1105251a46fbe13-30f4-4b59-a4c8-cea28b654329 --bucket-ml 178 --machine-ml 3abb770cb1aed1a81842cec3103bb5f0e4de0408b43034372e9ffc2e0f50e67f --id-revision-ml 0 --files-ml C:\Users\hollo\AppData\Local\JetBrains\Rider2025.3\event-log-data\logs\ML\5df1-4c88-afa0-02ce26078b2f-253.31033.136-release.log --escape-ml false --regional-code not_set --product RD --product-version 2025.3.3 --baseline-version 253 --user-agent JetBrains Rider/253.31033.136 --extra-headers 
java_class_path (initial): C:\Program Files\JetBrains\JetBrains Rider 2025.3.3\lib\util-8.jar;C:\Program Files\JetBrains\JetBrains Rider 2025.3.3\lib\annotations.jar;C:\Program Files\JetBrains\JetBrains Rider 2025.3.3\lib\module-intellij.libraries.jackson.jar;C:\Program Files\JetBrains\JetBrains Rider 2025.3.3\lib\module-intellij.libraries.jackson.databind.jar;C:\Program Files\JetBrains\JetBrains Rider 2025.3.3\lib\module-intellij.libraries.jackson.module.kotlin.jar;C:\Program Files\JetBrains\JetBrains Rider 2025.3.3\lib\module-intellij.libraries.kotlin.reflect.jar;C:\Program Files\JetBrains\JetBrains Rider 2025.3.3\lib\lib.jar;C:\Program Files\JetBrains\JetBrains Rider 2025.3.3\lib\stats.jar;C:\Program Files\JetBrains\JetBrains Rider 2025.3.3\lib\module-intellij.libraries.kotlinx.serialization.json.jar;C:\Program Files\JetBrains\JetBrains Rider 2025.3.3\lib\module-intellij.libraries.kotlinx.serialization.core.jar;C:\Program Files\JetBrains\JetBrains Rider 2025.3.3\lib\stats.jar
Launcher Type: SUN_STANDARD

[Global flags]
     intx CICompilerCount                          = 12                                        {product} {ergonomic}
     uint ConcGCThreads                            = 3                                         {product} {ergonomic}
     uint G1ConcRefinementThreads                  = 13                                        {product} {ergonomic}
   size_t G1HeapRegionSize                         = 2097152                                   {product} {ergonomic}
    uintx GCDrainStackTargetSize                   = 64                                        {product} {ergonomic}
   size_t InitialHeapSize                          = 264241152                                 {product} {ergonomic}
   size_t MarkStackSize                            = 4194304                                   {product} {ergonomic}
   size_t MaxHeapSize                              = 4206886912                                {product} {ergonomic}
   size_t MinHeapDeltaBytes                        = 2097152                                   {product} {ergonomic}
   size_t MinHeapSize                              = 8388608                                   {product} {ergonomic}
    uintx NonNMethodCodeHeapSize                   = 7602480                                {pd product} {ergonomic}
    uintx NonProfiledCodeHeapSize                  = 122027880                              {pd product} {ergonomic}
    uintx ProfiledCodeHeapSize                     = 122027880                              {pd product} {ergonomic}
    uintx ReservedCodeCacheSize                    = 251658240                              {pd product} {ergonomic}
     bool SegmentedCodeCache                       = true                                      {product} {ergonomic}
   size_t SoftMaxHeapSize                          = 4206886912                             {manageable} {ergonomic}
     bool UseCompressedOops                        = true                           {product lp64_product} {ergonomic}
     bool UseG1GC                                  = true                                      {product} {ergonomic}
     bool UseLargePagesIndividualAllocation        = false                                  {pd product} {ergonomic}

Logging:
Log output configuration:
 #0: stdout all=warning uptime,level,tags foldmultilines=false
 #1: stderr all=off uptime,level,tags foldmultilines=false

Release file:
<release file has not been read>
Environment Variables:
PATH=C:\Windows\system32;C:\Windows;C:\Windows\System32\Wbem;C:\Windows\System32\WindowsPowerShell\v1.0\;C:\Windows\System32\OpenSSH\;C:\Program Files (x86)\NVIDIA Corporation\PhysX\Common;C:\Program Files\NVIDIA Corporation\NVIDIA NvDLISR;C:\WINDOWS\system32;C:\WINDOWS;C:\WINDOWS\System32\Wbem;C:\WINDOWS\System32\WindowsPowerShell\v1.0\;C:\WINDOWS\System32\OpenSSH\;C:\Program Files\dotnet\;C:\Program Files\Git\cmd;C:\Users\hollo\AppData\Local\GitHubDesktop\app-3.4.19\resources\app\git\cmd;;C:\Program Files\Git LFS;C:\Users\hollo\AppData\Local\Microsoft\WindowsApps;C:\Users\hollo\AppData\Local\GitHubDesktop\bin;C:\Users\hollo\.dotnet\tools
USERNAME=hollo
OS=Windows_NT
PROCESSOR_IDENTIFIER=Intel64 Family 6 Model 141 Stepping 1, GenuineIntel
TMP=C:\Users\hollo\AppData\Local\Temp
TEMP=C:\Users\hollo\AppData\Local\Temp




Periodic native trim disabled

JNI global refs:
JNI global refs: 0, weak refs: 0

JNI global refs memory usage: 0, weak refs: 0

Process memory usage:
Resident Set Size: 13264K (0% of 16430304K total physical memory with 451404K free physical memory)

OOME stack traces (most recent first):
Classloader memory used:

---------------  S Y S T E M  ---------------

OS:
 Windows 11 , 64 bit Build 26100 (10.0.26100.8328)
OS uptime: 1 days 9:12 hours
Hyper-V role detected

CPU: total 16 (initial active 16) (8 cores per cpu, 2 threads per core) family 6 model 141 stepping 1 microcode 0x58, cx8, cmov, fxsr, ht, mmx, 3dnowpref, sse, sse2, sse3, ssse3, sse4.1, sse4.2, popcnt, lzcnt, tsc, tscinvbit, avx, avx2, aes, erms, clmul, bmi1, bmi2, adx, avx512f, avx512dq, avx512cd, avx512bw, avx512vl, sha, fma, vzeroupper, avx512_vpopcntdq, avx512_vpclmulqdq, avx512_vaes, avx512_vnni, clflush, clflushopt, clwb, avx512_vbmi2, avx512_vbmi, hv, rdtscp, rdpid, fsrm, gfni, avx512_bitalg, f16c, cet_ibt, cet_ss, avx512_ifma
Processor Information for the first 16 processors :
  Max Mhz: 2304, Current Mhz: 2304, Mhz Limit: 2304

Memory: 4k page, system-wide physical 16045M (440M free)
TotalPageFile size 65197M (AvailPageFile size 184M)
current process WorkingSet (physical memory assigned to process): 12M, peak: 12M
current process commit charge ("private bytes"): 71M, peak: 323M

vm_info: OpenJDK 64-Bit Server VM (21.0.10+1-b1163.108) for windows-amd64 JRE (21.0.10+1-b1163.108), built on 2026-02-06 by "builduser" with MS VC++ 16.10 / 16.11 (VS2019)

END.
